   1               		.file	"main.c"
   2               	__SP_H__ = 0x3e
   3               	__SP_L__ = 0x3d
   4               	__SREG__ = 0x3f
   5               	__tmp_reg__ = 0
   6               	__zero_reg__ = 1
   7               		.text
   8               	.Ltext0:
   9               		.section	.text.startup,"ax",@progbits
  10               	.global	main
  12               	main:
  13               	.LFB6:
  14               		.file 1 "main.c"
   1:main.c        **** #include <avr/io.h>
   2:main.c        **** #include <util/delay.h>
   3:main.c        **** 
   4:main.c        **** #define F_CPU 1000000L
   5:main.c        **** 
   6:main.c        **** 
   7:main.c        **** int main(void)
   8:main.c        **** {
  15               		.loc 1 8 0
  16               	/* prologue: function */
  17               	/* frame size = 0 */
  18               	/* stack size = 0 */
  19               	.L__stack_usage = 0
   9:main.c        ****     DDRD |= 0xFF;
  20               		.loc 1 9 0
  21 0000 81B3      		in r24,0x11
  22 0002 8FEF      		ldi r24,lo8(-1)
  23 0004 81BB      		out 0x11,r24
  10:main.c        ****     // Fuer verschiedene WGM (waveform generation modes) siehe Table47 im 
  11:main.c        ****     // data sheet.
  12:main.c        ****     // Fuer diesen Modus muessen WGM13, WGM12 und WGM11 gesetzt werden. 
  13:main.c        ****     // Diese befinden sich in Register TCCR1B und TCCR1A:
  14:main.c        ****     TCCR1A |= 1<<WGM11 | 1<<COM1A1 | 1<<COM1A0;
  24               		.loc 1 14 0
  25 0006 8FB5      		in r24,0x2f
  26 0008 826C      		ori r24,lo8(-62)
  27 000a 8FBD      		out 0x2f,r24
  15:main.c        ****     TCCR1B |= 1<<WGM12 | 1<<WGM13 | 1<<CS10;
  28               		.loc 1 15 0
  29 000c 8EB5      		in r24,0x2e
  30 000e 8961      		ori r24,lo8(25)
  31 0010 8EBD      		out 0x2e,r24
  16:main.c        ****     // Mit den beiden Coms wird inverted mode eingeschaltet, also bei 0 Volt
  17:main.c        ****     // gehts los.
  18:main.c        ****     
  19:main.c        ****     // Wir benutzen hier Fast PWM /|/|/|/|/| wobei der ICR1 den hoechsten Wert
  20:main.c        ****     // der gezaehlt wird angiebt. Also fuer 50 Hz PWM bei 1 MHz Takt waere
  21:main.c        ****     // ICR1=20000-1 weil bei 0 losgezaehlt wird.
  22:main.c        ****     ICR1 = 19999;
  32               		.loc 1 22 0
  33 0012 8FE1      		ldi r24,lo8(31)
  34 0014 9EE4      		ldi r25,lo8(78)
  35 0016 97BD      		out 0x26+1,r25
  36 0018 86BD      		out 0x26,r24
  37               	.LVL0:
  23:main.c        ****     //OCR1A = ICR1 - 2000; //18000
  24:main.c        ****     
  25:main.c        ****     int position_left = 1000;
  26:main.c        ****     //int position_right = 2000;
  27:main.c        ****     int position_right = ICR1;
  38               		.loc 1 27 0
  39 001a 66B5      		in r22,0x26
  40 001c 77B5      		in r23,0x26+1
  41               	.LVL1:
  28:main.c        ****     int i=position_right;
  29:main.c        ****     int sign=-1;
  30:main.c        ****     float repeat = 0.9;
  31:main.c        ****     OCR1A = ICR1 - position_left; //18000
  42               		.loc 1 31 0
  43 001e 86B5      		in r24,0x26
  44 0020 97B5      		in r25,0x26+1
  45 0022 885E      		subi r24,-24
  46 0024 9340      		sbci r25,3
  47 0026 9BBD      		out 0x2a+1,r25
  48 0028 8ABD      		out 0x2a,r24
  28:main.c        ****     int i=position_right;
  49               		.loc 1 28 0
  50 002a CB01      		movw r24,r22
  29:main.c        ****     int sign=-1;
  51               		.loc 1 29 0
  52 002c 2FEF      		ldi r18,lo8(-1)
  53 002e 3FEF      		ldi r19,lo8(-1)
  54               	.LVL2:
  55               	.L3:
  32:main.c        **** 
  33:main.c        ****     // Initial position 2 ms:
  34:main.c        ****     while (1)
  35:main.c        ****     {   
  36:main.c        ****         
  37:main.c        ****         // OCR1A pin (pin 19) ist der output pin.
  38:main.c        ****         OCR1A = ICR1-i; //18000
  56               		.loc 1 38 0
  57 0030 46B5      		in r20,0x26
  58 0032 57B5      		in r21,0x26+1
  59 0034 481B      		sub r20,r24
  60 0036 590B      		sbc r21,r25
  61 0038 5BBD      		out 0x2a+1,r21
  62 003a 4ABD      		out 0x2a,r20
  63               	.LVL3:
  64               	.LBB4:
  65               	.LBB5:
  66               		.file 2 "/usr/lib/gcc/avr/4.7.2/../../../avr/include/util/delay.h"
   1:/usr/lib/gcc/avr/4.7.2/../../../avr/include/util/delay.h **** /* Copyright (c) 2002, Marek Michalkiewicz
   2:/usr/lib/gcc/avr/4.7.2/../../../avr/include/util/delay.h ****    Copyright (c) 2004,2005,2007 Joerg Wunsch
   3:/usr/lib/gcc/avr/4.7.2/../../../avr/include/util/delay.h ****    Copyright (c) 2007  Florin-Viorel Petrov
   4:/usr/lib/gcc/avr/4.7.2/../../../avr/include/util/delay.h ****    All rights reserved.
   5:/usr/lib/gcc/avr/4.7.2/../../../avr/include/util/delay.h **** 
   6:/usr/lib/gcc/avr/4.7.2/../../../avr/include/util/delay.h ****    Redistribution and use in source and binary forms, with or without
   7:/usr/lib/gcc/avr/4.7.2/../../../avr/include/util/delay.h ****    modification, are permitted provided that the following conditions are met:
   8:/usr/lib/gcc/avr/4.7.2/../../../avr/include/util/delay.h **** 
   9:/usr/lib/gcc/avr/4.7.2/../../../avr/include/util/delay.h ****    * Redistributions of source code must retain the above copyright
  10:/usr/lib/gcc/avr/4.7.2/../../../avr/include/util/delay.h ****      notice, this list of conditions and the following disclaimer.
  11:/usr/lib/gcc/avr/4.7.2/../../../avr/include/util/delay.h **** 
  12:/usr/lib/gcc/avr/4.7.2/../../../avr/include/util/delay.h ****    * Redistributions in binary form must reproduce the above copyright
  13:/usr/lib/gcc/avr/4.7.2/../../../avr/include/util/delay.h ****      notice, this list of conditions and the following disclaimer in
  14:/usr/lib/gcc/avr/4.7.2/../../../avr/include/util/delay.h ****      the documentation and/or other materials provided with the
  15:/usr/lib/gcc/avr/4.7.2/../../../avr/include/util/delay.h ****      distribution.
  16:/usr/lib/gcc/avr/4.7.2/../../../avr/include/util/delay.h **** 
  17:/usr/lib/gcc/avr/4.7.2/../../../avr/include/util/delay.h ****    * Neither the name of the copyright holders nor the names of
  18:/usr/lib/gcc/avr/4.7.2/../../../avr/include/util/delay.h ****      contributors may be used to endorse or promote products derived
  19:/usr/lib/gcc/avr/4.7.2/../../../avr/include/util/delay.h ****      from this software without specific prior written permission.
  20:/usr/lib/gcc/avr/4.7.2/../../../avr/include/util/delay.h **** 
  21:/usr/lib/gcc/avr/4.7.2/../../../avr/include/util/delay.h ****   THIS SOFTWARE IS PROVIDED BY THE COPYRIGHT HOLDERS AND CONTRIBUTORS "AS IS"
  22:/usr/lib/gcc/avr/4.7.2/../../../avr/include/util/delay.h ****   AND ANY EXPRESS OR IMPLIED WARRANTIES, INCLUDING, BUT NOT LIMITED TO, THE
  23:/usr/lib/gcc/avr/4.7.2/../../../avr/include/util/delay.h ****   IMPLIED WARRANTIES OF MERCHANTABILITY AND FITNESS FOR A PARTICULAR PURPOSE
  24:/usr/lib/gcc/avr/4.7.2/../../../avr/include/util/delay.h ****   ARE DISCLAIMED. IN NO EVENT SHALL THE COPYRIGHT OWNER OR CONTRIBUTORS BE
  25:/usr/lib/gcc/avr/4.7.2/../../../avr/include/util/delay.h ****   LIABLE FOR ANY DIRECT, INDIRECT, INCIDENTAL, SPECIAL, EXEMPLARY, OR
  26:/usr/lib/gcc/avr/4.7.2/../../../avr/include/util/delay.h ****   CONSEQUENTIAL DAMAGES (INCLUDING, BUT NOT LIMITED TO, PROCUREMENT OF
  27:/usr/lib/gcc/avr/4.7.2/../../../avr/include/util/delay.h ****   SUBSTITUTE GOODS OR SERVICES; LOSS OF USE, DATA, OR PROFITS; OR BUSINESS
  28:/usr/lib/gcc/avr/4.7.2/../../../avr/include/util/delay.h ****   INTERRUPTION) HOWEVER CAUSED AND ON ANY THEORY OF LIABILITY, WHETHER IN
  29:/usr/lib/gcc/avr/4.7.2/../../../avr/include/util/delay.h ****   CONTRACT, STRICT LIABILITY, OR TORT (INCLUDING NEGLIGENCE OR OTHERWISE)
  30:/usr/lib/gcc/avr/4.7.2/../../../avr/include/util/delay.h ****   ARISING IN ANY WAY OUT OF THE USE OF THIS SOFTWARE, EVEN IF ADVISED OF THE
  31:/usr/lib/gcc/avr/4.7.2/../../../avr/include/util/delay.h ****   POSSIBILITY OF SUCH DAMAGE. */
  32:/usr/lib/gcc/avr/4.7.2/../../../avr/include/util/delay.h **** 
  33:/usr/lib/gcc/avr/4.7.2/../../../avr/include/util/delay.h **** /* $Id: delay.h.in 2251 2011-09-14 08:20:33Z joerg_wunsch $ */
  34:/usr/lib/gcc/avr/4.7.2/../../../avr/include/util/delay.h **** 
  35:/usr/lib/gcc/avr/4.7.2/../../../avr/include/util/delay.h **** #ifndef _UTIL_DELAY_H_
  36:/usr/lib/gcc/avr/4.7.2/../../../avr/include/util/delay.h **** #define _UTIL_DELAY_H_ 1
  37:/usr/lib/gcc/avr/4.7.2/../../../avr/include/util/delay.h **** 
  38:/usr/lib/gcc/avr/4.7.2/../../../avr/include/util/delay.h **** #ifndef __HAS_DELAY_CYCLES
  39:/usr/lib/gcc/avr/4.7.2/../../../avr/include/util/delay.h **** #define __HAS_DELAY_CYCLES 1
  40:/usr/lib/gcc/avr/4.7.2/../../../avr/include/util/delay.h **** #endif
  41:/usr/lib/gcc/avr/4.7.2/../../../avr/include/util/delay.h **** 
  42:/usr/lib/gcc/avr/4.7.2/../../../avr/include/util/delay.h **** #include <inttypes.h>
  43:/usr/lib/gcc/avr/4.7.2/../../../avr/include/util/delay.h **** #include <util/delay_basic.h>
  44:/usr/lib/gcc/avr/4.7.2/../../../avr/include/util/delay.h **** #include <math.h>
  45:/usr/lib/gcc/avr/4.7.2/../../../avr/include/util/delay.h **** 
  46:/usr/lib/gcc/avr/4.7.2/../../../avr/include/util/delay.h **** /** \file */
  47:/usr/lib/gcc/avr/4.7.2/../../../avr/include/util/delay.h **** /** \defgroup util_delay <util/delay.h>: Convenience functions for busy-wait delay loops
  48:/usr/lib/gcc/avr/4.7.2/../../../avr/include/util/delay.h ****     \code
  49:/usr/lib/gcc/avr/4.7.2/../../../avr/include/util/delay.h ****     #define F_CPU 1000000UL  // 1 MHz
  50:/usr/lib/gcc/avr/4.7.2/../../../avr/include/util/delay.h ****     //#define F_CPU 14.7456E6
  51:/usr/lib/gcc/avr/4.7.2/../../../avr/include/util/delay.h ****     #include <util/delay.h>
  52:/usr/lib/gcc/avr/4.7.2/../../../avr/include/util/delay.h ****     \endcode
  53:/usr/lib/gcc/avr/4.7.2/../../../avr/include/util/delay.h **** 
  54:/usr/lib/gcc/avr/4.7.2/../../../avr/include/util/delay.h ****     \note As an alternative method, it is possible to pass the
  55:/usr/lib/gcc/avr/4.7.2/../../../avr/include/util/delay.h ****     F_CPU macro down to the compiler from the Makefile.
  56:/usr/lib/gcc/avr/4.7.2/../../../avr/include/util/delay.h ****     Obviously, in that case, no \c \#define statement should be
  57:/usr/lib/gcc/avr/4.7.2/../../../avr/include/util/delay.h ****     used.
  58:/usr/lib/gcc/avr/4.7.2/../../../avr/include/util/delay.h **** 
  59:/usr/lib/gcc/avr/4.7.2/../../../avr/include/util/delay.h ****     The functions in this header file are wrappers around the basic
  60:/usr/lib/gcc/avr/4.7.2/../../../avr/include/util/delay.h ****     busy-wait functions from <util/delay_basic.h>.  They are meant as
  61:/usr/lib/gcc/avr/4.7.2/../../../avr/include/util/delay.h ****     convenience functions where actual time values can be specified
  62:/usr/lib/gcc/avr/4.7.2/../../../avr/include/util/delay.h ****     rather than a number of cycles to wait for.  The idea behind is
  63:/usr/lib/gcc/avr/4.7.2/../../../avr/include/util/delay.h ****     that compile-time constant expressions will be eliminated by
  64:/usr/lib/gcc/avr/4.7.2/../../../avr/include/util/delay.h ****     compiler optimization so floating-point expressions can be used
  65:/usr/lib/gcc/avr/4.7.2/../../../avr/include/util/delay.h ****     to calculate the number of delay cycles needed based on the CPU
  66:/usr/lib/gcc/avr/4.7.2/../../../avr/include/util/delay.h ****     frequency passed by the macro F_CPU.
  67:/usr/lib/gcc/avr/4.7.2/../../../avr/include/util/delay.h **** 
  68:/usr/lib/gcc/avr/4.7.2/../../../avr/include/util/delay.h ****     \note In order for these functions to work as intended, compiler
  69:/usr/lib/gcc/avr/4.7.2/../../../avr/include/util/delay.h ****     optimizations <em>must</em> be enabled, and the delay time
  70:/usr/lib/gcc/avr/4.7.2/../../../avr/include/util/delay.h ****     <em>must</em> be an expression that is a known constant at
  71:/usr/lib/gcc/avr/4.7.2/../../../avr/include/util/delay.h ****     compile-time.  If these requirements are not met, the resulting
  72:/usr/lib/gcc/avr/4.7.2/../../../avr/include/util/delay.h ****     delay will be much longer (and basically unpredictable), and
  73:/usr/lib/gcc/avr/4.7.2/../../../avr/include/util/delay.h ****     applications that otherwise do not use floating-point calculations
  74:/usr/lib/gcc/avr/4.7.2/../../../avr/include/util/delay.h ****     will experience severe code bloat by the floating-point library
  75:/usr/lib/gcc/avr/4.7.2/../../../avr/include/util/delay.h ****     routines linked into the application.
  76:/usr/lib/gcc/avr/4.7.2/../../../avr/include/util/delay.h **** 
  77:/usr/lib/gcc/avr/4.7.2/../../../avr/include/util/delay.h ****     The functions available allow the specification of microsecond, and
  78:/usr/lib/gcc/avr/4.7.2/../../../avr/include/util/delay.h ****     millisecond delays directly, using the application-supplied macro
  79:/usr/lib/gcc/avr/4.7.2/../../../avr/include/util/delay.h ****     F_CPU as the CPU clock frequency (in Hertz).
  80:/usr/lib/gcc/avr/4.7.2/../../../avr/include/util/delay.h **** 
  81:/usr/lib/gcc/avr/4.7.2/../../../avr/include/util/delay.h **** */
  82:/usr/lib/gcc/avr/4.7.2/../../../avr/include/util/delay.h **** 
  83:/usr/lib/gcc/avr/4.7.2/../../../avr/include/util/delay.h **** #if !defined(__DOXYGEN__)
  84:/usr/lib/gcc/avr/4.7.2/../../../avr/include/util/delay.h **** static inline void _delay_us(double __us) __attribute__((always_inline));
  85:/usr/lib/gcc/avr/4.7.2/../../../avr/include/util/delay.h **** static inline void _delay_ms(double __ms) __attribute__((always_inline));
  86:/usr/lib/gcc/avr/4.7.2/../../../avr/include/util/delay.h **** #endif
  87:/usr/lib/gcc/avr/4.7.2/../../../avr/include/util/delay.h **** 
  88:/usr/lib/gcc/avr/4.7.2/../../../avr/include/util/delay.h **** #ifndef F_CPU
  89:/usr/lib/gcc/avr/4.7.2/../../../avr/include/util/delay.h **** /* prevent compiler error by supplying a default */
  90:/usr/lib/gcc/avr/4.7.2/../../../avr/include/util/delay.h **** # warning "F_CPU not defined for <util/delay.h>"
  91:/usr/lib/gcc/avr/4.7.2/../../../avr/include/util/delay.h **** # define F_CPU 1000000UL
  92:/usr/lib/gcc/avr/4.7.2/../../../avr/include/util/delay.h **** #endif
  93:/usr/lib/gcc/avr/4.7.2/../../../avr/include/util/delay.h **** 
  94:/usr/lib/gcc/avr/4.7.2/../../../avr/include/util/delay.h **** #ifndef __OPTIMIZE__
  95:/usr/lib/gcc/avr/4.7.2/../../../avr/include/util/delay.h **** # warning "Compiler optimizations disabled; functions from <util/delay.h> won't work as designed"
  96:/usr/lib/gcc/avr/4.7.2/../../../avr/include/util/delay.h **** #endif
  97:/usr/lib/gcc/avr/4.7.2/../../../avr/include/util/delay.h **** 
  98:/usr/lib/gcc/avr/4.7.2/../../../avr/include/util/delay.h **** #if __HAS_DELAY_CYCLES && defined(__OPTIMIZE__) && \
  99:/usr/lib/gcc/avr/4.7.2/../../../avr/include/util/delay.h ****   !defined(__DELAY_BACKWARD_COMPATIBLE__) &&	   \
 100:/usr/lib/gcc/avr/4.7.2/../../../avr/include/util/delay.h ****   __STDC_HOSTED__
 101:/usr/lib/gcc/avr/4.7.2/../../../avr/include/util/delay.h **** #  include <math.h>
 102:/usr/lib/gcc/avr/4.7.2/../../../avr/include/util/delay.h **** #endif
 103:/usr/lib/gcc/avr/4.7.2/../../../avr/include/util/delay.h **** 
 104:/usr/lib/gcc/avr/4.7.2/../../../avr/include/util/delay.h **** /**
 105:/usr/lib/gcc/avr/4.7.2/../../../avr/include/util/delay.h ****    \ingroup util_delay
 106:/usr/lib/gcc/avr/4.7.2/../../../avr/include/util/delay.h **** 
 107:/usr/lib/gcc/avr/4.7.2/../../../avr/include/util/delay.h ****    Perform a delay of \c __ms milliseconds, using _delay_loop_2().
 108:/usr/lib/gcc/avr/4.7.2/../../../avr/include/util/delay.h **** 
 109:/usr/lib/gcc/avr/4.7.2/../../../avr/include/util/delay.h ****    The macro F_CPU is supposed to be defined to a
 110:/usr/lib/gcc/avr/4.7.2/../../../avr/include/util/delay.h ****    constant defining the CPU clock frequency (in Hertz).
 111:/usr/lib/gcc/avr/4.7.2/../../../avr/include/util/delay.h **** 
 112:/usr/lib/gcc/avr/4.7.2/../../../avr/include/util/delay.h ****    The maximal possible delay is 262.14 ms / F_CPU in MHz.
 113:/usr/lib/gcc/avr/4.7.2/../../../avr/include/util/delay.h **** 
 114:/usr/lib/gcc/avr/4.7.2/../../../avr/include/util/delay.h ****    When the user request delay which exceed the maximum possible one,
 115:/usr/lib/gcc/avr/4.7.2/../../../avr/include/util/delay.h ****    _delay_ms() provides a decreased resolution functionality. In this
 116:/usr/lib/gcc/avr/4.7.2/../../../avr/include/util/delay.h ****    mode _delay_ms() will work with a resolution of 1/10 ms, providing
 117:/usr/lib/gcc/avr/4.7.2/../../../avr/include/util/delay.h ****    delays up to 6.5535 seconds (independent from CPU frequency).  The
 118:/usr/lib/gcc/avr/4.7.2/../../../avr/include/util/delay.h ****    user will not be informed about decreased resolution.
 119:/usr/lib/gcc/avr/4.7.2/../../../avr/include/util/delay.h **** 
 120:/usr/lib/gcc/avr/4.7.2/../../../avr/include/util/delay.h ****    If the avr-gcc toolchain has __builtin_avr_delay_cycles(unsigned long)
 121:/usr/lib/gcc/avr/4.7.2/../../../avr/include/util/delay.h ****    support, maximal possible delay is 4294967.295 ms/ F_CPU in MHz. For
 122:/usr/lib/gcc/avr/4.7.2/../../../avr/include/util/delay.h ****    values greater than the maximal possible delay, overflows results in
 123:/usr/lib/gcc/avr/4.7.2/../../../avr/include/util/delay.h ****    no delay i.e., 0ms.
 124:/usr/lib/gcc/avr/4.7.2/../../../avr/include/util/delay.h **** 
 125:/usr/lib/gcc/avr/4.7.2/../../../avr/include/util/delay.h ****    Conversion of __us into clock cycles may not always result in integer.
 126:/usr/lib/gcc/avr/4.7.2/../../../avr/include/util/delay.h ****    By default, the clock cycles rounded up to next integer. This ensures that
 127:/usr/lib/gcc/avr/4.7.2/../../../avr/include/util/delay.h ****    the user gets atleast __us microseconds of delay.
 128:/usr/lib/gcc/avr/4.7.2/../../../avr/include/util/delay.h **** 
 129:/usr/lib/gcc/avr/4.7.2/../../../avr/include/util/delay.h ****    Alternatively, user can define __DELAY_ROUND_DOWN__ and __DELAY_ROUND_CLOSEST__
 130:/usr/lib/gcc/avr/4.7.2/../../../avr/include/util/delay.h ****    to round down and round to closest integer.
 131:/usr/lib/gcc/avr/4.7.2/../../../avr/include/util/delay.h **** 
 132:/usr/lib/gcc/avr/4.7.2/../../../avr/include/util/delay.h ****    Note: The new implementation of _delay_ms(double __ms) with 
 133:/usr/lib/gcc/avr/4.7.2/../../../avr/include/util/delay.h ****     __builtin_avr_delay_cycles(unsigned long) support is not backward compatible. 
 134:/usr/lib/gcc/avr/4.7.2/../../../avr/include/util/delay.h ****    User can define __DELAY_BACKWARD_COMPATIBLE__ to get a backward compatible delay.
 135:/usr/lib/gcc/avr/4.7.2/../../../avr/include/util/delay.h ****    Also, the backward compatible
 136:/usr/lib/gcc/avr/4.7.2/../../../avr/include/util/delay.h ****    algorithm will be chosen if the code is compiled in a <em>freestanding
 137:/usr/lib/gcc/avr/4.7.2/../../../avr/include/util/delay.h ****    environment</em> (GCC option \c -ffreestanding), as the math functions
 138:/usr/lib/gcc/avr/4.7.2/../../../avr/include/util/delay.h ****    required for rounding are not available to the compiler then.
 139:/usr/lib/gcc/avr/4.7.2/../../../avr/include/util/delay.h **** 
 140:/usr/lib/gcc/avr/4.7.2/../../../avr/include/util/delay.h ****  */
 141:/usr/lib/gcc/avr/4.7.2/../../../avr/include/util/delay.h **** void
 142:/usr/lib/gcc/avr/4.7.2/../../../avr/include/util/delay.h **** _delay_ms(double __ms)
 143:/usr/lib/gcc/avr/4.7.2/../../../avr/include/util/delay.h **** {
 144:/usr/lib/gcc/avr/4.7.2/../../../avr/include/util/delay.h **** 	uint16_t __ticks;
 145:/usr/lib/gcc/avr/4.7.2/../../../avr/include/util/delay.h **** 	double __tmp ; 
 146:/usr/lib/gcc/avr/4.7.2/../../../avr/include/util/delay.h **** #if __HAS_DELAY_CYCLES && defined(__OPTIMIZE__) && \
 147:/usr/lib/gcc/avr/4.7.2/../../../avr/include/util/delay.h ****   !defined(__DELAY_BACKWARD_COMPATIBLE__) &&	   \
 148:/usr/lib/gcc/avr/4.7.2/../../../avr/include/util/delay.h ****   __STDC_HOSTED__
 149:/usr/lib/gcc/avr/4.7.2/../../../avr/include/util/delay.h **** 	uint32_t __ticks_dc;
 150:/usr/lib/gcc/avr/4.7.2/../../../avr/include/util/delay.h **** 	extern void __builtin_avr_delay_cycles(unsigned long);
 151:/usr/lib/gcc/avr/4.7.2/../../../avr/include/util/delay.h **** 	__tmp = ((F_CPU) / 1e3) * __ms;
 152:/usr/lib/gcc/avr/4.7.2/../../../avr/include/util/delay.h **** 
 153:/usr/lib/gcc/avr/4.7.2/../../../avr/include/util/delay.h **** 	#if defined(__DELAY_ROUND_DOWN__)
 154:/usr/lib/gcc/avr/4.7.2/../../../avr/include/util/delay.h **** 		__ticks_dc = (uint32_t)fabs(__tmp);
 155:/usr/lib/gcc/avr/4.7.2/../../../avr/include/util/delay.h **** 
 156:/usr/lib/gcc/avr/4.7.2/../../../avr/include/util/delay.h **** 	#elif defined(__DELAY_ROUND_CLOSEST__)
 157:/usr/lib/gcc/avr/4.7.2/../../../avr/include/util/delay.h **** 		__ticks_dc = (uint32_t)(fabs(__tmp)+0.5);
 158:/usr/lib/gcc/avr/4.7.2/../../../avr/include/util/delay.h **** 
 159:/usr/lib/gcc/avr/4.7.2/../../../avr/include/util/delay.h **** 	#else
 160:/usr/lib/gcc/avr/4.7.2/../../../avr/include/util/delay.h **** 		//round up by default
 161:/usr/lib/gcc/avr/4.7.2/../../../avr/include/util/delay.h **** 		__ticks_dc = (uint32_t)(ceil(fabs(__tmp)));
 162:/usr/lib/gcc/avr/4.7.2/../../../avr/include/util/delay.h **** 	#endif
 163:/usr/lib/gcc/avr/4.7.2/../../../avr/include/util/delay.h **** 
 164:/usr/lib/gcc/avr/4.7.2/../../../avr/include/util/delay.h **** 	__builtin_avr_delay_cycles(__ticks_dc);
  67               		.loc 2 164 0
  68 003c E0EE      		ldi r30,lo8(224)
  69 003e F0E0      		ldi r31,hi8(224)
  70 0040 3197      		1: sbiw r30,1
  71 0042 01F4      		brne 1b
  72 0044 00C0      		rjmp .
  73 0046 0000      		nop
  74               	.LBE5:
  75               	.LBE4:
  39:main.c        ****         _delay_ms(repeat);
  40:main.c        ****         if (i==position_right)
  76               		.loc 1 40 0
  77 0048 8617      		cp r24,r22
  78 004a 9707      		cpc r25,r23
  79 004c 01F0      		breq .L4
  41:main.c        ****         {
  42:main.c        ****             sign = -1;
  43:main.c        ****         }
  44:main.c        ****         else if (i==position_left)
  80               		.loc 1 44 0
  81 004e 883E      		cpi r24,-24
  82 0050 F3E0      		ldi r31,3
  83 0052 9F07      		cpc r25,r31
  84 0054 01F4      		brne .L2
  85 0056 00C0      		rjmp .L5
  86               	.L4:
  42:main.c        ****             sign = -1;
  87               		.loc 1 42 0
  88 0058 2FEF      		ldi r18,lo8(-1)
  89 005a 3FEF      		ldi r19,lo8(-1)
  90               	.LVL4:
  91 005c 00C0      		rjmp .L2
  92               	.LVL5:
  93               	.L5:
  45:main.c        ****         {
  46:main.c        ****             sign = 1;
  94               		.loc 1 46 0
  95 005e 21E0      		ldi r18,lo8(1)
  96 0060 30E0      		ldi r19,0
  97               	.LVL6:
  98               	.L2:
  47:main.c        ****         }
  48:main.c        ****         else
  49:main.c        ****         {
  50:main.c        ****         }
  51:main.c        ****         i += 1*sign;
  99               		.loc 1 51 0
 100 0062 820F      		add r24,r18
 101 0064 931F      		adc r25,r19
 102               	.LVL7:
  52:main.c        ****     }   //
 103               		.loc 1 52 0
 104 0066 00C0      		rjmp .L3
 105               	.LFE6:
 133               	.Letext0:
 134               		.file 3 "/usr/lib/gcc/avr/4.7.2/../../../avr/include/stdint.h"
DEFINED SYMBOLS
                            *ABS*:00000000 main.c
     /tmp/cc9YUC5v.s:2      *ABS*:0000003e __SP_H__
     /tmp/cc9YUC5v.s:3      *ABS*:0000003d __SP_L__
     /tmp/cc9YUC5v.s:4      *ABS*:0000003f __SREG__
     /tmp/cc9YUC5v.s:5      *ABS*:00000000 __tmp_reg__
     /tmp/cc9YUC5v.s:6      *ABS*:00000001 __zero_reg__
     /tmp/cc9YUC5v.s:12     .text.startup:00000000 main

NO UNDEFINED SYMBOLS
