Archive member included because of file (symbol)

/usr/lib/gcc/avr/4.7.2/../../../avr/lib/avr5/libm.a(cmpsf2.o)
                              main.o (__ltsf2)
/usr/lib/gcc/avr/4.7.2/../../../avr/lib/avr5/libm.a(fixsfsi.o)
                              main.o (__fixsfsi)
/usr/lib/gcc/avr/4.7.2/../../../avr/lib/avr5/libm.a(fixunssfsi.o)
                              main.o (__fixunssfsi)
/usr/lib/gcc/avr/4.7.2/../../../avr/lib/avr5/libm.a(floatsisf.o)
                              ds18b20.o (__floatsisf)
/usr/lib/gcc/avr/4.7.2/../../../avr/lib/avr5/libm.a(fp_cmp.o)
                              /usr/lib/gcc/avr/4.7.2/../../../avr/lib/avr5/libm.a(cmpsf2.o) (__fp_cmp)
/usr/lib/gcc/avr/4.7.2/../../../avr/lib/avr5/libm.a(fp_split3.o)
                              /usr/lib/gcc/avr/4.7.2/../../../avr/lib/avr5/libm.a(fixunssfsi.o) (__fp_splitA)
/usr/lib/gcc/avr/4.7.2/../../../avr/lib/avr5/libm.a(fp_zero.o)
                              /usr/lib/gcc/avr/4.7.2/../../../avr/lib/avr5/libm.a(fixunssfsi.o) (__fp_zero)
/usr/lib/gcc/avr/4.7.2/../../../avr/lib/avr5/libm.a(mulsf3.o)
                              main.o (__mulsf3)
/usr/lib/gcc/avr/4.7.2/../../../avr/lib/avr5/libm.a(mulsf3x.o)
                              /usr/lib/gcc/avr/4.7.2/../../../avr/lib/avr5/libm.a(mulsf3.o) (__mulsf3x)
/usr/lib/gcc/avr/4.7.2/../../../avr/lib/avr5/libm.a(fp_inf.o)
                              /usr/lib/gcc/avr/4.7.2/../../../avr/lib/avr5/libm.a(mulsf3x.o) (__fp_inf)
/usr/lib/gcc/avr/4.7.2/../../../avr/lib/avr5/libm.a(fp_nan.o)
                              /usr/lib/gcc/avr/4.7.2/../../../avr/lib/avr5/libm.a(mulsf3x.o) (__fp_nan)
/usr/lib/gcc/avr/4.7.2/../../../avr/lib/avr5/libm.a(fp_pscA.o)
                              /usr/lib/gcc/avr/4.7.2/../../../avr/lib/avr5/libm.a(mulsf3x.o) (__fp_pscA)
/usr/lib/gcc/avr/4.7.2/../../../avr/lib/avr5/libm.a(fp_pscB.o)
                              /usr/lib/gcc/avr/4.7.2/../../../avr/lib/avr5/libm.a(mulsf3x.o) (__fp_pscB)
/usr/lib/gcc/avr/4.7.2/../../../avr/lib/avr5/libm.a(fp_round.o)
                              /usr/lib/gcc/avr/4.7.2/../../../avr/lib/avr5/libm.a(mulsf3.o) (__fp_round)
/usr/lib/gcc/avr/4.7.2/avr5/libgcc.a(_exit.o)
                              /usr/lib/gcc/avr/4.7.2/../../../avr/lib/avr5/crtm328p.o (exit)
/usr/lib/gcc/avr/4.7.2/avr5/libgcc.a(_copy_data.o)
                              main.o (__do_copy_data)
/usr/lib/gcc/avr/4.7.2/../../../avr/lib/avr5/libc.a(sprintf.o)
                              main.o (sprintf)
/usr/lib/gcc/avr/4.7.2/../../../avr/lib/avr5/libc.a(vfprintf_std.o)
                              /usr/lib/gcc/avr/4.7.2/../../../avr/lib/avr5/libc.a(sprintf.o) (vfprintf)
/usr/lib/gcc/avr/4.7.2/../../../avr/lib/avr5/libc.a(strnlen_P.o)
                              /usr/lib/gcc/avr/4.7.2/../../../avr/lib/avr5/libc.a(vfprintf_std.o) (strnlen_P)
/usr/lib/gcc/avr/4.7.2/../../../avr/lib/avr5/libc.a(strnlen.o)
                              /usr/lib/gcc/avr/4.7.2/../../../avr/lib/avr5/libc.a(vfprintf_std.o) (strnlen)
/usr/lib/gcc/avr/4.7.2/../../../avr/lib/avr5/libc.a(fputc.o)
                              /usr/lib/gcc/avr/4.7.2/../../../avr/lib/avr5/libc.a(vfprintf_std.o) (fputc)
/usr/lib/gcc/avr/4.7.2/../../../avr/lib/avr5/libc.a(ultoa_invert.o)
                              /usr/lib/gcc/avr/4.7.2/../../../avr/lib/avr5/libc.a(vfprintf_std.o) (__ultoa_invert)
/usr/lib/gcc/avr/4.7.2/avr5/libgcc.a(_prologue.o)
                              /usr/lib/gcc/avr/4.7.2/../../../avr/lib/avr5/libc.a(sprintf.o) (__prologue_saves__)
/usr/lib/gcc/avr/4.7.2/avr5/libgcc.a(_epilogue.o)
                              /usr/lib/gcc/avr/4.7.2/../../../avr/lib/avr5/libc.a(sprintf.o) (__epilogue_restores__)

Memory Configuration

Name             Origin             Length             Attributes
text             0x00000000         0x00020000         xr
data             0x00800060         0x0000ffa0         rw !x
eeprom           0x00810000         0x00010000         rw !x
fuse             0x00820000         0x00000400         rw !x
lock             0x00830000         0x00000400         rw !x
signature        0x00840000         0x00000400         rw !x
*default*        0x00000000         0xffffffff

Linker script and memory map

Address of section .data set to 0x800100
LOAD /usr/lib/gcc/avr/4.7.2/../../../avr/lib/avr5/crtm328p.o
LOAD main.o
LOAD ds18b20.o
LOAD /usr/lib/gcc/avr/4.7.2/../../../avr/lib/avr5/libm.a
LOAD /usr/lib/gcc/avr/4.7.2/avr5/libgcc.a
LOAD /usr/lib/gcc/avr/4.7.2/../../../avr/lib/avr5/libc.a
LOAD /usr/lib/gcc/avr/4.7.2/avr5/libgcc.a

.hash
 *(.hash)

.dynsym
 *(.dynsym)

.dynstr
 *(.dynstr)

.gnu.version
 *(.gnu.version)

.gnu.version_d
 *(.gnu.version_d)

.gnu.version_r
 *(.gnu.version_r)

.rel.init
 *(.rel.init)

.rela.init
 *(.rela.init)

.rel.text
 *(.rel.text)
 *(.rel.text.*)
 *(.rel.gnu.linkonce.t*)

.rela.text
 *(.rela.text)
 *(.rela.text.*)
 *(.rela.gnu.linkonce.t*)

.rel.fini
 *(.rel.fini)

.rela.fini
 *(.rela.fini)

.rel.rodata
 *(.rel.rodata)
 *(.rel.rodata.*)
 *(.rel.gnu.linkonce.r*)

.rela.rodata
 *(.rela.rodata)
 *(.rela.rodata.*)
 *(.rela.gnu.linkonce.r*)

.rel.data
 *(.rel.data)
 *(.rel.data.*)
 *(.rel.gnu.linkonce.d*)

.rela.data
 *(.rela.data)
 *(.rela.data.*)
 *(.rela.gnu.linkonce.d*)

.rel.ctors
 *(.rel.ctors)

.rela.ctors
 *(.rela.ctors)

.rel.dtors
 *(.rel.dtors)

.rela.dtors
 *(.rela.dtors)

.rel.got
 *(.rel.got)

.rela.got
 *(.rela.got)

.rel.bss
 *(.rel.bss)

.rela.bss
 *(.rela.bss)

.rel.plt
 *(.rel.plt)

.rela.plt
 *(.rela.plt)

.text           0x00000000      0xc1e
 *(.vectors)
 .vectors       0x00000000       0x68 /usr/lib/gcc/avr/4.7.2/../../../avr/lib/avr5/crtm328p.o
                0x00000000                __vectors
                0x00000000                __vector_default
 *(.vectors)
 *(.progmem.gcc*)
 *(.progmem*)
                0x00000068                . = ALIGN (0x2)
                0x00000068                __trampolines_start = .
 *(.trampolines)
 .trampolines   0x00000068        0x0 linker stubs
 *(.trampolines*)
                0x00000068                __trampolines_end = .
 *(.jumptables)
 *(.jumptables*)
 *(.lowtext)
 *(.lowtext*)
                0x00000068                __ctors_start = .
 *(.ctors)
                0x00000068                __ctors_end = .
                0x00000068                __dtors_start = .
 *(.dtors)
                0x00000068                __dtors_end = .
 SORT(*)(.ctors)
 SORT(*)(.dtors)
 *(.init0)
 .init0         0x00000068        0x0 /usr/lib/gcc/avr/4.7.2/../../../avr/lib/avr5/crtm328p.o
                0x00000068                __init
 *(.init0)
 *(.init1)
 *(.init1)
 *(.init2)
 .init2         0x00000068        0xc /usr/lib/gcc/avr/4.7.2/../../../avr/lib/avr5/crtm328p.o
 *(.init2)
 *(.init3)
 *(.init3)
 *(.init4)
 .init4         0x00000074       0x16 /usr/lib/gcc/avr/4.7.2/avr5/libgcc.a(_copy_data.o)
                0x00000074                __do_copy_data
 *(.init4)
 *(.init5)
 *(.init5)
 *(.init6)
 *(.init6)
 *(.init7)
 *(.init7)
 *(.init8)
 *(.init8)
 *(.init9)
 .init9         0x0000008a        0x8 /usr/lib/gcc/avr/4.7.2/../../../avr/lib/avr5/crtm328p.o
 *(.init9)
 *(.text)
 .text          0x00000092        0x4 /usr/lib/gcc/avr/4.7.2/../../../avr/lib/avr5/crtm328p.o
                0x00000092                __vector_22
                0x00000092                __vector_1
                0x00000092                __vector_24
                0x00000092                __vector_12
                0x00000092                __bad_interrupt
                0x00000092                __vector_6
                0x00000092                __vector_3
                0x00000092                __vector_23
                0x00000092                __vector_25
                0x00000092                __vector_11
                0x00000092                __vector_13
                0x00000092                __vector_17
                0x00000092                __vector_19
                0x00000092                __vector_7
                0x00000092                __vector_5
                0x00000092                __vector_4
                0x00000092                __vector_9
                0x00000092                __vector_2
                0x00000092                __vector_21
                0x00000092                __vector_15
                0x00000092                __vector_8
                0x00000092                __vector_14
                0x00000092                __vector_10
                0x00000092                __vector_16
                0x00000092                __vector_18
                0x00000092                __vector_20
 .text          0x00000096      0x18a main.o
                0x00000096                lcd_write_4
                0x000000b8                lcd_write_instructions_4d
                0x000000d0                lcd_write_character_4d
                0x000000e8                lcd_write_string_4d
                0x0000013c                lcd_write_hold_clear
                0x00000198                lcd_init_4d
                0x00000214                heat
 .text          0x00000220       0xee ds18b20.o
                0x00000220                ds18b20_reset
                0x0000023e                ds18b20_writebit
                0x00000252                ds18b20_readbit
                0x0000026e                ds18b20_writebyte
                0x0000028c                ds18b20_readbyte
                0x000002b2                ds18b20_gettemp
 .text          0x0000030e        0x0 /usr/lib/gcc/avr/4.7.2/../../../avr/lib/avr5/libm.a(cmpsf2.o)
 .text          0x0000030e        0x0 /usr/lib/gcc/avr/4.7.2/../../../avr/lib/avr5/libm.a(fixsfsi.o)
 .text          0x0000030e        0x0 /usr/lib/gcc/avr/4.7.2/../../../avr/lib/avr5/libm.a(fixunssfsi.o)
 .text          0x0000030e        0x0 /usr/lib/gcc/avr/4.7.2/../../../avr/lib/avr5/libm.a(floatsisf.o)
 .text          0x0000030e        0x0 /usr/lib/gcc/avr/4.7.2/../../../avr/lib/avr5/libm.a(fp_cmp.o)
 .text          0x0000030e        0x0 /usr/lib/gcc/avr/4.7.2/../../../avr/lib/avr5/libm.a(fp_split3.o)
 .text          0x0000030e        0x0 /usr/lib/gcc/avr/4.7.2/../../../avr/lib/avr5/libm.a(fp_zero.o)
 .text          0x0000030e        0x0 /usr/lib/gcc/avr/4.7.2/../../../avr/lib/avr5/libm.a(mulsf3.o)
 .text          0x0000030e        0x0 /usr/lib/gcc/avr/4.7.2/../../../avr/lib/avr5/libm.a(mulsf3x.o)
 .text          0x0000030e        0x0 /usr/lib/gcc/avr/4.7.2/../../../avr/lib/avr5/libm.a(fp_inf.o)
 .text          0x0000030e        0x0 /usr/lib/gcc/avr/4.7.2/../../../avr/lib/avr5/libm.a(fp_nan.o)
 .text          0x0000030e        0x0 /usr/lib/gcc/avr/4.7.2/../../../avr/lib/avr5/libm.a(fp_pscA.o)
 .text          0x0000030e        0x0 /usr/lib/gcc/avr/4.7.2/../../../avr/lib/avr5/libm.a(fp_pscB.o)
 .text          0x0000030e        0x0 /usr/lib/gcc/avr/4.7.2/../../../avr/lib/avr5/libm.a(fp_round.o)
 .text          0x0000030e        0x0 /usr/lib/gcc/avr/4.7.2/avr5/libgcc.a(_exit.o)
 .text          0x0000030e        0x0 /usr/lib/gcc/avr/4.7.2/avr5/libgcc.a(_copy_data.o)
 .text          0x0000030e        0x0 /usr/lib/gcc/avr/4.7.2/../../../avr/lib/avr5/libc.a(sprintf.o)
 .text          0x0000030e        0x0 /usr/lib/gcc/avr/4.7.2/../../../avr/lib/avr5/libc.a(vfprintf_std.o)
 .text          0x0000030e        0x0 /usr/lib/gcc/avr/4.7.2/../../../avr/lib/avr5/libc.a(strnlen_P.o)
 .text          0x0000030e        0x0 /usr/lib/gcc/avr/4.7.2/../../../avr/lib/avr5/libc.a(strnlen.o)
 .text          0x0000030e        0x0 /usr/lib/gcc/avr/4.7.2/../../../avr/lib/avr5/libc.a(fputc.o)
 .text          0x0000030e        0x0 /usr/lib/gcc/avr/4.7.2/../../../avr/lib/avr5/libc.a(ultoa_invert.o)
 .text          0x0000030e        0x0 /usr/lib/gcc/avr/4.7.2/avr5/libgcc.a(_prologue.o)
 .text          0x0000030e        0x0 /usr/lib/gcc/avr/4.7.2/avr5/libgcc.a(_epilogue.o)
                0x0000030e                . = ALIGN (0x2)
 *(.text.*)
 .text.startup  0x0000030e       0xc8 main.o
                0x0000030e                main
 .text.avr-libc.fplib
                0x000003d6        0x8 /usr/lib/gcc/avr/4.7.2/../../../avr/lib/avr5/libm.a(cmpsf2.o)
                0x000003d6                __lesf2
                0x000003d6                __nesf2
                0x000003d6                __eqsf2
                0x000003d6                __cmpsf2
                0x000003d6                __ltsf2
 .text.avr-libc.fplib
                0x000003de        0xa /usr/lib/gcc/avr/4.7.2/../../../avr/lib/avr5/libm.a(fixsfsi.o)
                0x000003de                __fixsfsi
 .text.avr-libc.fplib
                0x000003e8       0x58 /usr/lib/gcc/avr/4.7.2/../../../avr/lib/avr5/libm.a(fixunssfsi.o)
                0x000003e8                __fixunssfsi
 .text.avr-libc.fplib
                0x00000440       0x7a /usr/lib/gcc/avr/4.7.2/../../../avr/lib/avr5/libm.a(floatsisf.o)
                0x00000440                __floatunsisf
                0x00000444                __floatsisf
 .text.avr-libc.fplib
                0x000004ba       0x48 /usr/lib/gcc/avr/4.7.2/../../../avr/lib/avr5/libm.a(fp_cmp.o)
                0x000004ba                __fp_cmp
 .text.avr-libc.fplib
                0x00000502       0x44 /usr/lib/gcc/avr/4.7.2/../../../avr/lib/avr5/libm.a(fp_split3.o)
                0x00000502                __fp_split3
                0x00000512                __fp_splitA
 .text.avr-libc.fplib
                0x00000546        0xe /usr/lib/gcc/avr/4.7.2/../../../avr/lib/avr5/libm.a(fp_zero.o)
                0x00000546                __fp_zero
                0x00000548                __fp_szero
 .text.avr-libc.fplib
                0x00000554        0x4 /usr/lib/gcc/avr/4.7.2/../../../avr/lib/avr5/libm.a(mulsf3.o)
                0x00000554                __mulsf3
 .text.avr-libc.fplib
                0x00000558       0xc2 /usr/lib/gcc/avr/4.7.2/../../../avr/lib/avr5/libm.a(mulsf3x.o)
                0x0000056c                __mulsf3x
                0x00000570                __mulsf3_pse
 .text.avr-libc.fplib
                0x0000061a        0xc /usr/lib/gcc/avr/4.7.2/../../../avr/lib/avr5/libm.a(fp_inf.o)
                0x0000061a                __fp_inf
 .text.avr-libc.fplib
                0x00000626        0x6 /usr/lib/gcc/avr/4.7.2/../../../avr/lib/avr5/libm.a(fp_nan.o)
                0x00000626                __fp_nan
 .text.avr-libc.fplib
                0x0000062c        0xe /usr/lib/gcc/avr/4.7.2/../../../avr/lib/avr5/libm.a(fp_pscA.o)
                0x0000062c                __fp_pscA
 .text.avr-libc.fplib
                0x0000063a        0xe /usr/lib/gcc/avr/4.7.2/../../../avr/lib/avr5/libm.a(fp_pscB.o)
                0x0000063a                __fp_pscB
 .text.avr-libc.fplib
                0x00000648       0x22 /usr/lib/gcc/avr/4.7.2/../../../avr/lib/avr5/libm.a(fp_round.o)
                0x00000648                __fp_round
 .text.libgcc.mul
                0x0000066a        0x0 /usr/lib/gcc/avr/4.7.2/avr5/libgcc.a(_exit.o)
 .text.libgcc.div
                0x0000066a        0x0 /usr/lib/gcc/avr/4.7.2/avr5/libgcc.a(_exit.o)
 .text.libgcc   0x0000066a        0x0 /usr/lib/gcc/avr/4.7.2/avr5/libgcc.a(_exit.o)
 .text.libgcc.prologue
                0x0000066a        0x0 /usr/lib/gcc/avr/4.7.2/avr5/libgcc.a(_exit.o)
 .text.libgcc.builtins
                0x0000066a        0x0 /usr/lib/gcc/avr/4.7.2/avr5/libgcc.a(_exit.o)
 .text.libgcc.fmul
                0x0000066a        0x0 /usr/lib/gcc/avr/4.7.2/avr5/libgcc.a(_exit.o)
 .text.libgcc.mul
                0x0000066a        0x0 /usr/lib/gcc/avr/4.7.2/avr5/libgcc.a(_copy_data.o)
 .text.libgcc.div
                0x0000066a        0x0 /usr/lib/gcc/avr/4.7.2/avr5/libgcc.a(_copy_data.o)
 .text.libgcc   0x0000066a        0x0 /usr/lib/gcc/avr/4.7.2/avr5/libgcc.a(_copy_data.o)
 .text.libgcc.prologue
                0x0000066a        0x0 /usr/lib/gcc/avr/4.7.2/avr5/libgcc.a(_copy_data.o)
 .text.libgcc.builtins
                0x0000066a        0x0 /usr/lib/gcc/avr/4.7.2/avr5/libgcc.a(_copy_data.o)
 .text.libgcc.fmul
                0x0000066a        0x0 /usr/lib/gcc/avr/4.7.2/avr5/libgcc.a(_copy_data.o)
 .text.avr-libc
                0x0000066a       0x48 /usr/lib/gcc/avr/4.7.2/../../../avr/lib/avr5/libc.a(sprintf.o)
                0x0000066a                sprintf
 .text.avr-libc
                0x000006b2      0x3ba /usr/lib/gcc/avr/4.7.2/../../../avr/lib/avr5/libc.a(vfprintf_std.o)
                0x000006b2                vfprintf
 .text.avr-libc
                0x00000a6c       0x16 /usr/lib/gcc/avr/4.7.2/../../../avr/lib/avr5/libc.a(strnlen_P.o)
                0x00000a6c                strnlen_P
 .text.avr-libc
                0x00000a82       0x16 /usr/lib/gcc/avr/4.7.2/../../../avr/lib/avr5/libc.a(strnlen.o)
                0x00000a82                strnlen
 .text.avr-libc
                0x00000a98       0x58 /usr/lib/gcc/avr/4.7.2/../../../avr/lib/avr5/libc.a(fputc.o)
                0x00000a98                fputc
 .text.avr-libc
                0x00000af0       0xbc /usr/lib/gcc/avr/4.7.2/../../../avr/lib/avr5/libc.a(ultoa_invert.o)
                0x00000af0                __ultoa_invert
 .text.libgcc.mul
                0x00000bac        0x0 /usr/lib/gcc/avr/4.7.2/avr5/libgcc.a(_prologue.o)
 .text.libgcc.div
                0x00000bac        0x0 /usr/lib/gcc/avr/4.7.2/avr5/libgcc.a(_prologue.o)
 .text.libgcc   0x00000bac        0x0 /usr/lib/gcc/avr/4.7.2/avr5/libgcc.a(_prologue.o)
 .text.libgcc.prologue
                0x00000bac       0x38 /usr/lib/gcc/avr/4.7.2/avr5/libgcc.a(_prologue.o)
                0x00000bac                __prologue_saves__
 .text.libgcc.builtins
                0x00000be4        0x0 /usr/lib/gcc/avr/4.7.2/avr5/libgcc.a(_prologue.o)
 .text.libgcc.fmul
                0x00000be4        0x0 /usr/lib/gcc/avr/4.7.2/avr5/libgcc.a(_prologue.o)
 .text.libgcc.mul
                0x00000be4        0x0 /usr/lib/gcc/avr/4.7.2/avr5/libgcc.a(_epilogue.o)
 .text.libgcc.div
                0x00000be4        0x0 /usr/lib/gcc/avr/4.7.2/avr5/libgcc.a(_epilogue.o)
 .text.libgcc   0x00000be4        0x0 /usr/lib/gcc/avr/4.7.2/avr5/libgcc.a(_epilogue.o)
 .text.libgcc.prologue
                0x00000be4       0x36 /usr/lib/gcc/avr/4.7.2/avr5/libgcc.a(_epilogue.o)
                0x00000be4                __epilogue_restores__
 .text.libgcc.builtins
                0x00000c1a        0x0 /usr/lib/gcc/avr/4.7.2/avr5/libgcc.a(_epilogue.o)
 .text.libgcc.fmul
                0x00000c1a        0x0 /usr/lib/gcc/avr/4.7.2/avr5/libgcc.a(_epilogue.o)
                0x00000c1a                . = ALIGN (0x2)
 *(.fini9)
 .fini9         0x00000c1a        0x0 /usr/lib/gcc/avr/4.7.2/avr5/libgcc.a(_exit.o)
                0x00000c1a                exit
                0x00000c1a                _exit
 *(.fini9)
 *(.fini8)
 *(.fini8)
 *(.fini7)
 *(.fini7)
 *(.fini6)
 *(.fini6)
 *(.fini5)
 *(.fini5)
 *(.fini4)
 *(.fini4)
 *(.fini3)
 *(.fini3)
 *(.fini2)
 *(.fini2)
 *(.fini1)
 *(.fini1)
 *(.fini0)
 .fini0         0x00000c1a        0x4 /usr/lib/gcc/avr/4.7.2/avr5/libgcc.a(_exit.o)
 *(.fini0)
                0x00000c1e                _etext = .

.data           0x00800100       0x10 load address 0x00000c1e
                0x00800100                PROVIDE (__data_start, .)
 *(.data)
 .data          0x00800100        0x0 /usr/lib/gcc/avr/4.7.2/../../../avr/lib/avr5/crtm328p.o
 .data          0x00800100        0x9 main.o
                0x00800100                program_version
 .data          0x00800109        0x0 ds18b20.o
 .data          0x00800109        0x0 /usr/lib/gcc/avr/4.7.2/../../../avr/lib/avr5/libm.a(cmpsf2.o)
 .data          0x00800109        0x0 /usr/lib/gcc/avr/4.7.2/../../../avr/lib/avr5/libm.a(fixsfsi.o)
 .data          0x00800109        0x0 /usr/lib/gcc/avr/4.7.2/../../../avr/lib/avr5/libm.a(fixunssfsi.o)
 .data          0x00800109        0x0 /usr/lib/gcc/avr/4.7.2/../../../avr/lib/avr5/libm.a(floatsisf.o)
 .data          0x00800109        0x0 /usr/lib/gcc/avr/4.7.2/../../../avr/lib/avr5/libm.a(fp_cmp.o)
 .data          0x00800109        0x0 /usr/lib/gcc/avr/4.7.2/../../../avr/lib/avr5/libm.a(fp_split3.o)
 .data          0x00800109        0x0 /usr/lib/gcc/avr/4.7.2/../../../avr/lib/avr5/libm.a(fp_zero.o)
 .data          0x00800109        0x0 /usr/lib/gcc/avr/4.7.2/../../../avr/lib/avr5/libm.a(mulsf3.o)
 .data          0x00800109        0x0 /usr/lib/gcc/avr/4.7.2/../../../avr/lib/avr5/libm.a(mulsf3x.o)
 .data          0x00800109        0x0 /usr/lib/gcc/avr/4.7.2/../../../avr/lib/avr5/libm.a(fp_inf.o)
 .data          0x00800109        0x0 /usr/lib/gcc/avr/4.7.2/../../../avr/lib/avr5/libm.a(fp_nan.o)
 .data          0x00800109        0x0 /usr/lib/gcc/avr/4.7.2/../../../avr/lib/avr5/libm.a(fp_pscA.o)
 .data          0x00800109        0x0 /usr/lib/gcc/avr/4.7.2/../../../avr/lib/avr5/libm.a(fp_pscB.o)
 .data          0x00800109        0x0 /usr/lib/gcc/avr/4.7.2/../../../avr/lib/avr5/libm.a(fp_round.o)
 .data          0x00800109        0x0 /usr/lib/gcc/avr/4.7.2/avr5/libgcc.a(_exit.o)
 .data          0x00800109        0x0 /usr/lib/gcc/avr/4.7.2/avr5/libgcc.a(_copy_data.o)
 .data          0x00800109        0x0 /usr/lib/gcc/avr/4.7.2/../../../avr/lib/avr5/libc.a(sprintf.o)
 .data          0x00800109        0x0 /usr/lib/gcc/avr/4.7.2/../../../avr/lib/avr5/libc.a(vfprintf_std.o)
 .data          0x00800109        0x0 /usr/lib/gcc/avr/4.7.2/../../../avr/lib/avr5/libc.a(strnlen_P.o)
 .data          0x00800109        0x0 /usr/lib/gcc/avr/4.7.2/../../../avr/lib/avr5/libc.a(strnlen.o)
 .data          0x00800109        0x0 /usr/lib/gcc/avr/4.7.2/../../../avr/lib/avr5/libc.a(fputc.o)
 .data          0x00800109        0x0 /usr/lib/gcc/avr/4.7.2/../../../avr/lib/avr5/libc.a(ultoa_invert.o)
 .data          0x00800109        0x0 /usr/lib/gcc/avr/4.7.2/avr5/libgcc.a(_prologue.o)
 .data          0x00800109        0x0 /usr/lib/gcc/avr/4.7.2/avr5/libgcc.a(_epilogue.o)
 *(.data*)
 *(.rodata)
 *(.rodata*)
 .rodata.str1.1
                0x00800109        0x7 main.o
 *(.gnu.linkonce.d*)
                0x00800110                . = ALIGN (0x2)
                0x00800110                _edata = .
                0x00800110                PROVIDE (__data_end, .)

.bss            0x00800110        0x0
                0x00800110                PROVIDE (__bss_start, .)
 *(.bss)
 .bss           0x00800110        0x0 /usr/lib/gcc/avr/4.7.2/../../../avr/lib/avr5/crtm328p.o
 .bss           0x00800110        0x0 main.o
 .bss           0x00800110        0x0 ds18b20.o
 .bss           0x00800110        0x0 /usr/lib/gcc/avr/4.7.2/../../../avr/lib/avr5/libm.a(cmpsf2.o)
 .bss           0x00800110        0x0 /usr/lib/gcc/avr/4.7.2/../../../avr/lib/avr5/libm.a(fixsfsi.o)
 .bss           0x00800110        0x0 /usr/lib/gcc/avr/4.7.2/../../../avr/lib/avr5/libm.a(fixunssfsi.o)
 .bss           0x00800110        0x0 /usr/lib/gcc/avr/4.7.2/../../../avr/lib/avr5/libm.a(floatsisf.o)
 .bss           0x00800110        0x0 /usr/lib/gcc/avr/4.7.2/../../../avr/lib/avr5/libm.a(fp_cmp.o)
 .bss           0x00800110        0x0 /usr/lib/gcc/avr/4.7.2/../../../avr/lib/avr5/libm.a(fp_split3.o)
 .bss           0x00800110        0x0 /usr/lib/gcc/avr/4.7.2/../../../avr/lib/avr5/libm.a(fp_zero.o)
 .bss           0x00800110        0x0 /usr/lib/gcc/avr/4.7.2/../../../avr/lib/avr5/libm.a(mulsf3.o)
 .bss           0x00800110        0x0 /usr/lib/gcc/avr/4.7.2/../../../avr/lib/avr5/libm.a(mulsf3x.o)
 .bss           0x00800110        0x0 /usr/lib/gcc/avr/4.7.2/../../../avr/lib/avr5/libm.a(fp_inf.o)
 .bss           0x00800110        0x0 /usr/lib/gcc/avr/4.7.2/../../../avr/lib/avr5/libm.a(fp_nan.o)
 .bss           0x00800110        0x0 /usr/lib/gcc/avr/4.7.2/../../../avr/lib/avr5/libm.a(fp_pscA.o)
 .bss           0x00800110        0x0 /usr/lib/gcc/avr/4.7.2/../../../avr/lib/avr5/libm.a(fp_pscB.o)
 .bss           0x00800110        0x0 /usr/lib/gcc/avr/4.7.2/../../../avr/lib/avr5/libm.a(fp_round.o)
 .bss           0x00800110        0x0 /usr/lib/gcc/avr/4.7.2/avr5/libgcc.a(_exit.o)
 .bss           0x00800110        0x0 /usr/lib/gcc/avr/4.7.2/avr5/libgcc.a(_copy_data.o)
 .bss           0x00800110        0x0 /usr/lib/gcc/avr/4.7.2/../../../avr/lib/avr5/libc.a(sprintf.o)
 .bss           0x00800110        0x0 /usr/lib/gcc/avr/4.7.2/../../../avr/lib/avr5/libc.a(vfprintf_std.o)
 .bss           0x00800110        0x0 /usr/lib/gcc/avr/4.7.2/../../../avr/lib/avr5/libc.a(strnlen_P.o)
 .bss           0x00800110        0x0 /usr/lib/gcc/avr/4.7.2/../../../avr/lib/avr5/libc.a(strnlen.o)
 .bss           0x00800110        0x0 /usr/lib/gcc/avr/4.7.2/../../../avr/lib/avr5/libc.a(fputc.o)
 .bss           0x00800110        0x0 /usr/lib/gcc/avr/4.7.2/../../../avr/lib/avr5/libc.a(ultoa_invert.o)
 .bss           0x00800110        0x0 /usr/lib/gcc/avr/4.7.2/avr5/libgcc.a(_prologue.o)
 .bss           0x00800110        0x0 /usr/lib/gcc/avr/4.7.2/avr5/libgcc.a(_epilogue.o)
 *(.bss*)
 *(COMMON)
                0x00800110                PROVIDE (__bss_end, .)
                0x00000c1e                __data_load_start = LOADADDR (.data)
                0x00000c2e                __data_load_end = (__data_load_start + SIZEOF (.data))

.noinit         0x00800110        0x0
                0x00800110                PROVIDE (__noinit_start, .)
 *(.noinit*)
                0x00800110                PROVIDE (__noinit_end, .)
                0x00800110                _end = .
                0x00800110                PROVIDE (__heap_start, .)

.eeprom         0x00810000        0x0
 *(.eeprom*)
                0x00810000                __eeprom_end = .

.fuse
 *(.fuse)
 *(.lfuse)
 *(.hfuse)
 *(.efuse)

.lock
 *(.lock*)

.signature
 *(.signature*)

.stab           0x00000000     0x2ef8
 *(.stab)
 .stab          0x00000000      0x6cc /usr/lib/gcc/avr/4.7.2/../../../avr/lib/avr5/crtm328p.o
 .stab          0x000006cc       0x90 /usr/lib/gcc/avr/4.7.2/../../../avr/lib/avr5/libm.a(cmpsf2.o)
                                 0x9c (size before relaxing)
 .stab          0x0000075c       0x6c /usr/lib/gcc/avr/4.7.2/../../../avr/lib/avr5/libm.a(fixsfsi.o)
                                 0x78 (size before relaxing)
 .stab          0x000007c8      0x240 /usr/lib/gcc/avr/4.7.2/../../../avr/lib/avr5/libm.a(fixunssfsi.o)
                                0x24c (size before relaxing)
 .stab          0x00000a08      0x318 /usr/lib/gcc/avr/4.7.2/../../../avr/lib/avr5/libm.a(floatsisf.o)
                                0x324 (size before relaxing)
 .stab          0x00000d20      0x1e0 /usr/lib/gcc/avr/4.7.2/../../../avr/lib/avr5/libm.a(fp_cmp.o)
                                0x1ec (size before relaxing)
 .stab          0x00000f00      0x1d4 /usr/lib/gcc/avr/4.7.2/../../../avr/lib/avr5/libm.a(fp_split3.o)
                                0x1e0 (size before relaxing)
 .stab          0x000010d4       0x90 /usr/lib/gcc/avr/4.7.2/../../../avr/lib/avr5/libm.a(fp_zero.o)
                                 0x9c (size before relaxing)
 .stab          0x00001164       0x48 /usr/lib/gcc/avr/4.7.2/../../../avr/lib/avr5/libm.a(mulsf3.o)
                                 0x54 (size before relaxing)
 .stab          0x000011ac      0x4d4 /usr/lib/gcc/avr/4.7.2/../../../avr/lib/avr5/libm.a(mulsf3x.o)
                                0x4e0 (size before relaxing)
 .stab          0x00001680       0x78 /usr/lib/gcc/avr/4.7.2/../../../avr/lib/avr5/libm.a(fp_inf.o)
                                 0x84 (size before relaxing)
 .stab          0x000016f8       0x54 /usr/lib/gcc/avr/4.7.2/../../../avr/lib/avr5/libm.a(fp_nan.o)
                                 0x60 (size before relaxing)
 .stab          0x0000174c       0x84 /usr/lib/gcc/avr/4.7.2/../../../avr/lib/avr5/libm.a(fp_pscA.o)
                                 0x90 (size before relaxing)
 .stab          0x000017d0       0x84 /usr/lib/gcc/avr/4.7.2/../../../avr/lib/avr5/libm.a(fp_pscB.o)
                                 0x90 (size before relaxing)
 .stab          0x00001854       0xfc /usr/lib/gcc/avr/4.7.2/../../../avr/lib/avr5/libm.a(fp_round.o)
                                0x108 (size before relaxing)
 .stab          0x00001950      0x3d8 /usr/lib/gcc/avr/4.7.2/../../../avr/lib/avr5/libc.a(sprintf.o)
                                0x3e4 (size before relaxing)
 .stab          0x00001d28      0xa44 /usr/lib/gcc/avr/4.7.2/../../../avr/lib/avr5/libc.a(vfprintf_std.o)
                                0xc24 (size before relaxing)
 .stab          0x0000276c       0x9c /usr/lib/gcc/avr/4.7.2/../../../avr/lib/avr5/libc.a(strnlen_P.o)
                                 0xa8 (size before relaxing)
 .stab          0x00002808       0x9c /usr/lib/gcc/avr/4.7.2/../../../avr/lib/avr5/libc.a(strnlen.o)
                                 0xa8 (size before relaxing)
 .stab          0x000028a4      0x1d4 /usr/lib/gcc/avr/4.7.2/../../../avr/lib/avr5/libc.a(fputc.o)
                                0x3b4 (size before relaxing)
 .stab          0x00002a78      0x480 /usr/lib/gcc/avr/4.7.2/../../../avr/lib/avr5/libc.a(ultoa_invert.o)
                                0x48c (size before relaxing)

.stabstr        0x00000000      0xd96
 *(.stabstr)
 .stabstr       0x00000000      0xd96 /usr/lib/gcc/avr/4.7.2/../../../avr/lib/avr5/crtm328p.o

.stab.excl
 *(.stab.excl)

.stab.exclstr
 *(.stab.exclstr)

.stab.index
 *(.stab.index)

.stab.indexstr
 *(.stab.indexstr)

.comment        0x00000000       0x22
 *(.comment)
 .comment       0x00000000       0x11 main.o
                                 0x12 (size before relaxing)
 .comment       0x00000000       0x12 ds18b20.o
 .comment       0x00000011       0x11 /usr/lib/gcc/avr/4.7.2/../../../avr/lib/avr5/libc.a(sprintf.o)
                                 0x12 (size before relaxing)
 .comment       0x00000000       0x12 /usr/lib/gcc/avr/4.7.2/../../../avr/lib/avr5/libc.a(vfprintf_std.o)
 .comment       0x00000000       0x12 /usr/lib/gcc/avr/4.7.2/../../../avr/lib/avr5/libc.a(fputc.o)

.debug
 *(.debug)

.line
 *(.line)

.debug_srcinfo
 *(.debug_srcinfo)

.debug_sfnames
 *(.debug_sfnames)

.debug_aranges  0x00000000       0x48
 *(.debug_aranges)
 .debug_aranges
                0x00000000       0x28 main.o
 .debug_aranges
                0x00000028       0x20 ds18b20.o

.debug_pubnames
 *(.debug_pubnames)

.debug_info     0x00000000      0xdee
 *(.debug_info)
 .debug_info    0x00000000      0x970 main.o
 .debug_info    0x00000970      0x47e ds18b20.o
 *(.gnu.linkonce.wi.*)

.debug_abbrev   0x00000000      0x447
 *(.debug_abbrev)
 .debug_abbrev  0x00000000      0x288 main.o
 .debug_abbrev  0x00000288      0x1bf ds18b20.o

.debug_line     0x00000000      0x343
 *(.debug_line)
 .debug_line    0x00000000      0x208 main.o
 .debug_line    0x00000208      0x13b ds18b20.o

.debug_frame    0x00000000      0x180
 *(.debug_frame)
 .debug_frame   0x00000000       0xec main.o
 .debug_frame   0x000000ec       0x94 ds18b20.o

.debug_str      0x00000000      0x262
 *(.debug_str)
 .debug_str     0x00000000      0x1e5 main.o
                                0x223 (size before relaxing)
 .debug_str     0x000001e5       0x7d ds18b20.o
                                0x189 (size before relaxing)

.debug_loc      0x00000000      0x546
 *(.debug_loc)
 .debug_loc     0x00000000      0x378 main.o
 .debug_loc     0x00000378      0x1ce ds18b20.o

.debug_macinfo
 *(.debug_macinfo)
OUTPUT(main.elf elf32-avr)
LOAD linker stubs

.debug_ranges   0x00000000       0x18
 .debug_ranges  0x00000000       0x18 main.o

Cross Reference Table

Symbol                                            File
__bad_interrupt                                   /usr/lib/gcc/avr/4.7.2/../../../avr/lib/avr5/crtm328p.o
__cmpsf2                                          /usr/lib/gcc/avr/4.7.2/../../../avr/lib/avr5/libm.a(cmpsf2.o)
__data_end                                        /usr/lib/gcc/avr/4.7.2/avr5/libgcc.a(_copy_data.o)
__data_load_start                                 /usr/lib/gcc/avr/4.7.2/avr5/libgcc.a(_copy_data.o)
__data_start                                      /usr/lib/gcc/avr/4.7.2/avr5/libgcc.a(_copy_data.o)
__do_copy_data                                    /usr/lib/gcc/avr/4.7.2/avr5/libgcc.a(_copy_data.o)
                                                  main.o
__epilogue_restores__                             /usr/lib/gcc/avr/4.7.2/avr5/libgcc.a(_epilogue.o)
                                                  /usr/lib/gcc/avr/4.7.2/../../../avr/lib/avr5/libc.a(vfprintf_std.o)
                                                  /usr/lib/gcc/avr/4.7.2/../../../avr/lib/avr5/libc.a(sprintf.o)
__eqsf2                                           /usr/lib/gcc/avr/4.7.2/../../../avr/lib/avr5/libm.a(cmpsf2.o)
__fixsfsi                                         /usr/lib/gcc/avr/4.7.2/../../../avr/lib/avr5/libm.a(fixsfsi.o)
                                                  main.o
__fixunssfsi                                      /usr/lib/gcc/avr/4.7.2/../../../avr/lib/avr5/libm.a(fixunssfsi.o)
                                                  /usr/lib/gcc/avr/4.7.2/../../../avr/lib/avr5/libm.a(fixsfsi.o)
                                                  main.o
__floatsisf                                       /usr/lib/gcc/avr/4.7.2/../../../avr/lib/avr5/libm.a(floatsisf.o)
                                                  ds18b20.o
__floatunsisf                                     /usr/lib/gcc/avr/4.7.2/../../../avr/lib/avr5/libm.a(floatsisf.o)
__fp_cmp                                          /usr/lib/gcc/avr/4.7.2/../../../avr/lib/avr5/libm.a(fp_cmp.o)
                                                  /usr/lib/gcc/avr/4.7.2/../../../avr/lib/avr5/libm.a(cmpsf2.o)
__fp_inf                                          /usr/lib/gcc/avr/4.7.2/../../../avr/lib/avr5/libm.a(fp_inf.o)
                                                  /usr/lib/gcc/avr/4.7.2/../../../avr/lib/avr5/libm.a(mulsf3x.o)
__fp_nan                                          /usr/lib/gcc/avr/4.7.2/../../../avr/lib/avr5/libm.a(fp_nan.o)
                                                  /usr/lib/gcc/avr/4.7.2/../../../avr/lib/avr5/libm.a(mulsf3x.o)
__fp_pscA                                         /usr/lib/gcc/avr/4.7.2/../../../avr/lib/avr5/libm.a(fp_pscA.o)
                                                  /usr/lib/gcc/avr/4.7.2/../../../avr/lib/avr5/libm.a(mulsf3x.o)
__fp_pscB                                         /usr/lib/gcc/avr/4.7.2/../../../avr/lib/avr5/libm.a(fp_pscB.o)
                                                  /usr/lib/gcc/avr/4.7.2/../../../avr/lib/avr5/libm.a(mulsf3x.o)
__fp_round                                        /usr/lib/gcc/avr/4.7.2/../../../avr/lib/avr5/libm.a(fp_round.o)
                                                  /usr/lib/gcc/avr/4.7.2/../../../avr/lib/avr5/libm.a(mulsf3.o)
__fp_split3                                       /usr/lib/gcc/avr/4.7.2/../../../avr/lib/avr5/libm.a(fp_split3.o)
                                                  /usr/lib/gcc/avr/4.7.2/../../../avr/lib/avr5/libm.a(mulsf3x.o)
__fp_splitA                                       /usr/lib/gcc/avr/4.7.2/../../../avr/lib/avr5/libm.a(fp_split3.o)
                                                  /usr/lib/gcc/avr/4.7.2/../../../avr/lib/avr5/libm.a(fixunssfsi.o)
__fp_szero                                        /usr/lib/gcc/avr/4.7.2/../../../avr/lib/avr5/libm.a(fp_zero.o)
                                                  /usr/lib/gcc/avr/4.7.2/../../../avr/lib/avr5/libm.a(mulsf3x.o)
                                                  /usr/lib/gcc/avr/4.7.2/../../../avr/lib/avr5/libm.a(fixsfsi.o)
__fp_zero                                         /usr/lib/gcc/avr/4.7.2/../../../avr/lib/avr5/libm.a(fp_zero.o)
                                                  /usr/lib/gcc/avr/4.7.2/../../../avr/lib/avr5/libm.a(fixunssfsi.o)
__heap_end                                        /usr/lib/gcc/avr/4.7.2/../../../avr/lib/avr5/crtm328p.o
__init                                            /usr/lib/gcc/avr/4.7.2/../../../avr/lib/avr5/crtm328p.o
__lesf2                                           /usr/lib/gcc/avr/4.7.2/../../../avr/lib/avr5/libm.a(cmpsf2.o)
__ltsf2                                           /usr/lib/gcc/avr/4.7.2/../../../avr/lib/avr5/libm.a(cmpsf2.o)
                                                  main.o
__mulsf3                                          /usr/lib/gcc/avr/4.7.2/../../../avr/lib/avr5/libm.a(mulsf3.o)
                                                  ds18b20.o
                                                  main.o
__mulsf3_pse                                      /usr/lib/gcc/avr/4.7.2/../../../avr/lib/avr5/libm.a(mulsf3x.o)
__mulsf3x                                         /usr/lib/gcc/avr/4.7.2/../../../avr/lib/avr5/libm.a(mulsf3x.o)
                                                  /usr/lib/gcc/avr/4.7.2/../../../avr/lib/avr5/libm.a(mulsf3.o)
__nesf2                                           /usr/lib/gcc/avr/4.7.2/../../../avr/lib/avr5/libm.a(cmpsf2.o)
__prologue_saves__                                /usr/lib/gcc/avr/4.7.2/avr5/libgcc.a(_prologue.o)
                                                  /usr/lib/gcc/avr/4.7.2/../../../avr/lib/avr5/libc.a(vfprintf_std.o)
                                                  /usr/lib/gcc/avr/4.7.2/../../../avr/lib/avr5/libc.a(sprintf.o)
__stack                                           /usr/lib/gcc/avr/4.7.2/../../../avr/lib/avr5/crtm328p.o
__ultoa_invert                                    /usr/lib/gcc/avr/4.7.2/../../../avr/lib/avr5/libc.a(ultoa_invert.o)
                                                  /usr/lib/gcc/avr/4.7.2/../../../avr/lib/avr5/libc.a(vfprintf_std.o)
__vector_1                                        /usr/lib/gcc/avr/4.7.2/../../../avr/lib/avr5/crtm328p.o
__vector_10                                       /usr/lib/gcc/avr/4.7.2/../../../avr/lib/avr5/crtm328p.o
__vector_11                                       /usr/lib/gcc/avr/4.7.2/../../../avr/lib/avr5/crtm328p.o
__vector_12                                       /usr/lib/gcc/avr/4.7.2/../../../avr/lib/avr5/crtm328p.o
__vector_13                                       /usr/lib/gcc/avr/4.7.2/../../../avr/lib/avr5/crtm328p.o
__vector_14                                       /usr/lib/gcc/avr/4.7.2/../../../avr/lib/avr5/crtm328p.o
__vector_15                                       /usr/lib/gcc/avr/4.7.2/../../../avr/lib/avr5/crtm328p.o
__vector_16                                       /usr/lib/gcc/avr/4.7.2/../../../avr/lib/avr5/crtm328p.o
__vector_17                                       /usr/lib/gcc/avr/4.7.2/../../../avr/lib/avr5/crtm328p.o
__vector_18                                       /usr/lib/gcc/avr/4.7.2/../../../avr/lib/avr5/crtm328p.o
__vector_19                                       /usr/lib/gcc/avr/4.7.2/../../../avr/lib/avr5/crtm328p.o
__vector_2                                        /usr/lib/gcc/avr/4.7.2/../../../avr/lib/avr5/crtm328p.o
__vector_20                                       /usr/lib/gcc/avr/4.7.2/../../../avr/lib/avr5/crtm328p.o
__vector_21                                       /usr/lib/gcc/avr/4.7.2/../../../avr/lib/avr5/crtm328p.o
__vector_22                                       /usr/lib/gcc/avr/4.7.2/../../../avr/lib/avr5/crtm328p.o
__vector_23                                       /usr/lib/gcc/avr/4.7.2/../../../avr/lib/avr5/crtm328p.o
__vector_24                                       /usr/lib/gcc/avr/4.7.2/../../../avr/lib/avr5/crtm328p.o
__vector_25                                       /usr/lib/gcc/avr/4.7.2/../../../avr/lib/avr5/crtm328p.o
__vector_3                                        /usr/lib/gcc/avr/4.7.2/../../../avr/lib/avr5/crtm328p.o
__vector_4                                        /usr/lib/gcc/avr/4.7.2/../../../avr/lib/avr5/crtm328p.o
__vector_5                                        /usr/lib/gcc/avr/4.7.2/../../../avr/lib/avr5/crtm328p.o
__vector_6                                        /usr/lib/gcc/avr/4.7.2/../../../avr/lib/avr5/crtm328p.o
__vector_7                                        /usr/lib/gcc/avr/4.7.2/../../../avr/lib/avr5/crtm328p.o
__vector_8                                        /usr/lib/gcc/avr/4.7.2/../../../avr/lib/avr5/crtm328p.o
__vector_9                                        /usr/lib/gcc/avr/4.7.2/../../../avr/lib/avr5/crtm328p.o
__vector_default                                  /usr/lib/gcc/avr/4.7.2/../../../avr/lib/avr5/crtm328p.o
__vectors                                         /usr/lib/gcc/avr/4.7.2/../../../avr/lib/avr5/crtm328p.o
_exit                                             /usr/lib/gcc/avr/4.7.2/avr5/libgcc.a(_exit.o)
ds18b20_gettemp                                   ds18b20.o
                                                  main.o
ds18b20_readbit                                   ds18b20.o
ds18b20_readbyte                                  ds18b20.o
ds18b20_reset                                     ds18b20.o
ds18b20_writebit                                  ds18b20.o
ds18b20_writebyte                                 ds18b20.o
exit                                              /usr/lib/gcc/avr/4.7.2/avr5/libgcc.a(_exit.o)
                                                  /usr/lib/gcc/avr/4.7.2/../../../avr/lib/avr5/crtm328p.o
fputc                                             /usr/lib/gcc/avr/4.7.2/../../../avr/lib/avr5/libc.a(fputc.o)
                                                  /usr/lib/gcc/avr/4.7.2/../../../avr/lib/avr5/libc.a(vfprintf_std.o)
heat                                              main.o
lcd_init_4d                                       main.o
lcd_write_4                                       main.o
lcd_write_character_4d                            main.o
lcd_write_hold_clear                              main.o
lcd_write_instructions_4d                         main.o
lcd_write_string_4d                               main.o
main                                              main.o
                                                  /usr/lib/gcc/avr/4.7.2/../../../avr/lib/avr5/crtm328p.o
program_version                                   main.o
sprintf                                           /usr/lib/gcc/avr/4.7.2/../../../avr/lib/avr5/libc.a(sprintf.o)
                                                  main.o
strnlen                                           /usr/lib/gcc/avr/4.7.2/../../../avr/lib/avr5/libc.a(strnlen.o)
                                                  /usr/lib/gcc/avr/4.7.2/../../../avr/lib/avr5/libc.a(vfprintf_std.o)
strnlen_P                                         /usr/lib/gcc/avr/4.7.2/../../../avr/lib/avr5/libc.a(strnlen_P.o)
                                                  /usr/lib/gcc/avr/4.7.2/../../../avr/lib/avr5/libc.a(vfprintf_std.o)
vfprintf                                          /usr/lib/gcc/avr/4.7.2/../../../avr/lib/avr5/libc.a(vfprintf_std.o)
                                                  /usr/lib/gcc/avr/4.7.2/../../../avr/lib/avr5/libc.a(sprintf.o)
